// Jest Snapshot v1, https://goo.gl/fbAQLP

exports[`TabValidators shows a list of validators 1`] = `
<data-view-stub
  loaded="true"
>
  <table-validators-stub
    validators="[object Object],[object Object],[object Object]"
  />
</data-view-stub>
`;
